<html>
<body>
<pre>
<h1>礦ision Build Log</h1>
<h2>Project:</h2>
E:\扫地机器人\SweepingRobotTwo\xr210soft普通\xr210soft.uvproj
Project File Date:  04/17/2015

<h2>Output:</h2>
Build target 'Target 1'
compiling stm32f10x_adc.c...
compiling stm32f10x_bkp.c...
compiling stm32f10x_dma.c...
compiling stm32f10x_exti.c...
compiling stm32f10x_flash.c...
compiling stm32f10x_gpio.c...
compiling stm32f10x_lib.c...
compiling stm32f10x_nvic.c...
compiling stm32f10x_rcc.c...
compiling stm32f10x_rtc.c...
compiling stm32f10x_tim.c...
compiling stm32f10x_iwdg.c...
compiling stm32f10x_pwr.c...
assembling stm32f10x_vector.s...
assembling cortexm3_macro.s...
compiling stm32f10x_it.c...
compiling io_drive.c...
compiling key.c...
compiling lcdkey.c...
compiling main.c...
compiling power.c...
compiling ring.c...
compiling test.c...
compiling A7105.C...
compiling wall_earth.c...
compiling hwincept.c...
compiling ad.c...
compiling pwm.c...
compiling time1.c...
compiling rtc.c...
compiling hardware.c...
compiling flash.c...
compiling watchdog.c...
compiling function.c...
user\src\function.c(3278): warning: C3017W: m may be used before being set
compiling cease.c...
compiling sweep.c...
compiling docking.c...
compiling spot.c...
compiling tele.c...
compiling chargeing.c...
compiling sleep.c...
compiling err.c...
compiling border.c...
user\src\border.c(86): warning:  #223-D: function "FindSeat" declared implicitly
user\src\border.c(138): error:  #20: identifier "BORDER" is undefined
Target not created
Build target 'Target 1'
compiling stm32f10x_adc.c...
compiling stm32f10x_bkp.c...
compiling stm32f10x_dma.c...
compiling stm32f10x_exti.c...
compiling stm32f10x_flash.c...
compiling stm32f10x_gpio.c...
compiling stm32f10x_lib.c...
compiling stm32f10x_nvic.c...
compiling stm32f10x_rcc.c...
compiling stm32f10x_rtc.c...
compiling stm32f10x_tim.c...
compiling stm32f10x_iwdg.c...
compiling stm32f10x_pwr.c...
assembling stm32f10x_vector.s...
assembling cortexm3_macro.s...
compiling stm32f10x_it.c...
compiling io_drive.c...
compiling key.c...
compiling lcdkey.c...
compiling main.c...
compiling power.c...
compiling ring.c...
compiling test.c...
compiling A7105.C...
compiling wall_earth.c...
compiling hwincept.c...
compiling ad.c...
compiling pwm.c...
compiling time1.c...
compiling rtc.c...
compiling hardware.c...
compiling flash.c...
compiling watchdog.c...
compiling function.c...
user\src\function.c(3278): warning: C3017W: m may be used before being set
compiling cease.c...
compiling sweep.c...
compiling docking.c...
compiling spot.c...
compiling tele.c...
compiling chargeing.c...
compiling sleep.c...
compiling err.c...
compiling border.c...
user\src\border.c(86): warning:  #223-D: function "FindSeat" declared implicitly
linking...
Program Size: Code=52572 RO-data=568 RW-data=732 ZI-data=2868  
FromELF: creating hex file...
"xr210soft.axf" - 0 Error(s), 2 Warning(s).
Build target 'Target 1'
compiling stm32f10x_adc.c...
compiling stm32f10x_bkp.c...
compiling stm32f10x_dma.c...
compiling stm32f10x_exti.c...
compiling stm32f10x_flash.c...
compiling stm32f10x_gpio.c...
compiling stm32f10x_lib.c...
compiling stm32f10x_nvic.c...
compiling stm32f10x_rcc.c...
compiling stm32f10x_rtc.c...
compiling stm32f10x_tim.c...
compiling stm32f10x_iwdg.c...
compiling stm32f10x_pwr.c...
assembling stm32f10x_vector.s...
assembling cortexm3_macro.s...
compiling stm32f10x_it.c...
compiling io_drive.c...
compiling key.c...
compiling lcdkey.c...
compiling main.c...
compiling power.c...
compiling ring.c...
compiling test.c...
compiling A7105.C...
compiling wall_earth.c...
compiling hwincept.c...
compiling ad.c...
compiling pwm.c...
compiling time1.c...
compiling rtc.c...
compiling hardware.c...
compiling flash.c...
compiling watchdog.c...
compiling function.c...
user\src\function.c(3286): warning: C3017W: m may be used before being set
compiling cease.c...
compiling sweep.c...
compiling docking.c...
compiling spot.c...
compiling tele.c...
compiling chargeing.c...
compiling sleep.c...
compiling err.c...
compiling border.c...
user\src\border.c(86): warning:  #223-D: function "FindSeat" declared implicitly
linking...
Program Size: Code=53420 RO-data=568 RW-data=732 ZI-data=2868  
FromELF: creating hex file...
"xr210soft.axf" - 0 Error(s), 2 Warning(s).
Build target 'Target 1'
compiling stm32f10x_adc.c...
compiling stm32f10x_bkp.c...
compiling stm32f10x_dma.c...
compiling stm32f10x_exti.c...
compiling stm32f10x_flash.c...
compiling stm32f10x_gpio.c...
compiling stm32f10x_lib.c...
compiling stm32f10x_nvic.c...
compiling stm32f10x_rcc.c...
compiling stm32f10x_rtc.c...
compiling stm32f10x_tim.c...
compiling stm32f10x_iwdg.c...
compiling stm32f10x_pwr.c...
assembling stm32f10x_vector.s...
assembling cortexm3_macro.s...
compiling stm32f10x_it.c...
compiling io_drive.c...
compiling key.c...
compiling lcdkey.c...
compiling main.c...
compiling power.c...
compiling ring.c...
compiling test.c...
compiling A7105.C...
compiling wall_earth.c...
compiling hwincept.c...
compiling ad.c...
compiling pwm.c...
compiling time1.c...
compiling rtc.c...
compiling hardware.c...
compiling flash.c...
compiling watchdog.c...
compiling function.c...
user\src\function.c(3290): warning: C3017W: m may be used before being set
compiling cease.c...
compiling sweep.c...
compiling docking.c...
compiling spot.c...
compiling tele.c...
compiling chargeing.c...
compiling sleep.c...
compiling err.c...
compiling border.c...
user\src\border.c(86): warning:  #223-D: function "FindSeat" declared implicitly
linking...
Program Size: Code=53412 RO-data=568 RW-data=732 ZI-data=2868  
FromELF: creating hex file...
"xr210soft.axf" - 0 Error(s), 2 Warning(s).
Set JLink Project File to "E:\扫地机器人\SweepingRobotTwo\xr210soft普通\JLinkSettings.ini"
 
JLink info:
------------
DLL: V4.24b, compiled Feb 22 2011 20:47:17
Firmware: J-Link ARM V8 compiled Nov 14 2012 22:34:52
Hardware: V8.00
S/N : 20100213 
Feature(s) : RDI,FlashDL,FlashBP,JFlash,GDBFULL 
 
* JLink Info: Found SWD-DP with ID 0x1BA01477
* JLink Info: TPIU fitted.
* JLink Info:   FPUnit: 6 code (BP) slots and 2 literal slots
* JLink Info: Found Cortex-M3 r1p1, Little endian.
ROMTableAddr = 0xE00FF003
* JLink Info: Found SWD-DP with ID 0x1BA01477
* JLink Info: TPIU fitted.
* JLink Info:   FPUnit: 6 code (BP) slots and 2 literal slots
* JLink Info: Found Cortex-M3 r1p1, Little endian.
* JLink Info: Found SWD-DP with ID 0x1BA01477
* JLink Info: TPIU fitted.
* JLink Info:   FPUnit: 6 code (BP) slots and 2 literal slots
* JLink Info: Found Cortex-M3 r1p1, Little endian.
 
Target info:
------------
Device: STM32F101V8
VTarget = 3.287V
State of Pins: 
TCK: 0, TDI: 0, TDO: 1, TMS: 1, TRES: 1, TRST: 1
Hardware-Breakpoints: 6
Software-Breakpoints: 2048
Watchpoints:          4
JTAG speed: 500 kHz
 
Full Chip Erase Done.
Load "E:\\扫地机器人\\SweepingRobotTwo\\xr210soft普通\\xr210soft.AXF" 
Set JLink Project File to "E:\扫地机器人\SweepingRobotTwo\xr210soft普通\JLinkSettings.ini"
 
JLink info:
------------
DLL: V4.24b, compiled Feb 22 2011 20:47:17
Firmware: J-Link ARM V8 compiled Nov 14 2012 22:34:52
Hardware: V8.00
S/N : 20100213 
Feature(s) : RDI,FlashDL,FlashBP,JFlash,GDBFULL 
 
* JLink Info: Found SWD-DP with ID 0x1BA01477
* JLink Info: TPIU fitted.
* JLink Info:   FPUnit: 6 code (BP) slots and 2 literal slots
* JLink Info: Found Cortex-M3 r1p1, Little endian.
ROMTableAddr = 0xE00FF003
* JLink Info: Found SWD-DP with ID 0x1BA01477
* JLink Info: TPIU fitted.
* JLink Info:   FPUnit: 6 code (BP) slots and 2 literal slots
* JLink Info: Found Cortex-M3 r1p1, Little endian.
* JLink Info: Found SWD-DP with ID 0x1BA01477
* JLink Info: TPIU fitted.
* JLink Info:   FPUnit: 6 code (BP) slots and 2 literal slots
* JLink Info: Found Cortex-M3 r1p1, Little endian.
 
Target info:
------------
Device: STM32F101V8
VTarget = 3.287V
State of Pins: 
TCK: 0, TDI: 0, TDO: 1, TMS: 1, TRES: 1, TRST: 1
Hardware-Breakpoints: 6
Software-Breakpoints: 2048
Watchpoints:          0
JTAG speed: 500 kHz
 
Erase Done.
Programming Done.
Verify OK.
Set JLink Project File to "E:\扫地机器人\SweepingRobotTwo\xr210soft普通\JLinkSettings.ini"
 
JLink info:
------------
DLL: V4.24b, compiled Feb 22 2011 20:47:17
Firmware: J-Link ARM V8 compiled Nov 14 2012 22:34:52
Hardware: V8.00
S/N : 20100213 
Feature(s) : RDI,FlashDL,FlashBP,JFlash,GDBFULL 
 
* JLink Info: Found SWD-DP with ID 0x1BA01477
* JLink Info: TPIU fitted.
* JLink Info:   FPUnit: 6 code (BP) slots and 2 literal slots
* JLink Info: Found Cortex-M3 r1p1, Little endian.
ROMTableAddr = 0xE00FF003
* JLink Info: Found SWD-DP with ID 0x1BA01477
* JLink Info: TPIU fitted.
* JLink Info:   FPUnit: 6 code (BP) slots and 2 literal slots
* JLink Info: Found Cortex-M3 r1p1, Little endian.
* JLink Info: Found SWD-DP with ID 0x1BA01477
* JLink Info: TPIU fitted.
* JLink Info:   FPUnit: 6 code (BP) slots and 2 literal slots
* JLink Info: Found Cortex-M3 r1p1, Little endian.
 
Target info:
------------
Device: STM32F101V8
VTarget = 3.287V
State of Pins: 
TCK: 0, TDI: 0, TDO: 1, TMS: 1, TRES: 1, TRST: 1
Hardware-Breakpoints: 6
Software-Breakpoints: 2048
Watchpoints:          4
JTAG speed: 500 kHz
 
Full Chip Erase Done.
Load "E:\\扫地机器人\\SweepingRobotTwo\\xr210soft普通\\xr210soft.AXF" 
Set JLink Project File to "E:\扫地机器人\SweepingRobotTwo\xr210soft普通\JLinkSettings.ini"
 
JLink info:
------------
DLL: V4.24b, compiled Feb 22 2011 20:47:17
Firmware: J-Link ARM V8 compiled Nov 14 2012 22:34:52
Hardware: V8.00
S/N : 20100213 
Feature(s) : RDI,FlashDL,FlashBP,JFlash,GDBFULL 
 
* JLink Info: Found SWD-DP with ID 0x1BA01477
* JLink Info: TPIU fitted.
* JLink Info:   FPUnit: 6 code (BP) slots and 2 literal slots
* JLink Info: Found Cortex-M3 r1p1, Little endian.
ROMTableAddr = 0xE00FF003
* JLink Info: Found SWD-DP with ID 0x1BA01477
* JLink Info: TPIU fitted.
* JLink Info:   FPUnit: 6 code (BP) slots and 2 literal slots
* JLink Info: Found Cortex-M3 r1p1, Little endian.
* JLink Info: Found SWD-DP with ID 0x1BA01477
* JLink Info: TPIU fitted.
* JLink Info:   FPUnit: 6 code (BP) slots and 2 literal slots
* JLink Info: Found Cortex-M3 r1p1, Little endian.
 
Target info:
------------
Device: STM32F101V8
VTarget = 3.287V
State of Pins: 
TCK: 0, TDI: 0, TDO: 1, TMS: 1, TRES: 1, TRST: 1
Hardware-Breakpoints: 6
Software-Breakpoints: 2048
Watchpoints:          0
JTAG speed: 500 kHz
 
Erase Done.
Programming Done.
Verify OK.
